building cmap ... 
alpha(1) = 2
alpha(2) = 1
alpha(3) = 4
alpha(4) = 3
alpha(5) = 6
alpha(6) = 5
alpha(7) = 8
alpha(8) = 7
alpha(9) = 10
alpha(10) = 9
alpha(11) = 12
alpha(12) = 11
alpha(13) = 14
alpha(14) = 13
alpha(15) = 16
alpha(16) = 15
alpha(17) = 18
alpha(18) = 17
alpha(19) = 20
alpha(20) = 19

sigma(1) = 3
sigma(2) = 6
sigma(3) = 5
sigma(4) = 9
sigma(5) = 1
sigma(6) = 7
sigma(7) = 2
sigma(8) = 13
sigma(9) = 11
sigma(10) = 8
sigma(11) = 4
sigma(12) = 15
sigma(13) = 10
sigma(14) = 18
sigma(15) = 17
sigma(16) = 14
sigma(17) = 12
sigma(18) = 16
sigma(19) = 20
sigma(20) = 19

lambda(1) = 1
lambda(2) = 2
lambda(3) = 2
lambda(4) = 5
lambda(5) = 5
lambda(6) = 1
lambda(7) = 5
lambda(8) = 2
lambda(9) = 2
lambda(10) = 4
lambda(11) = 4
lambda(12) = 5
lambda(13) = 5
lambda(14) = 4
lambda(15) = 4
lambda(16) = 6
lambda(17) = 6
lambda(18) = 5
lambda(19) = 2
lambda(20) = 3

moth(1) = 0
moth(2) = 1
moth(3) = 2
moth(4) = 1
moth(5) = 1
moth(6) = 1

daugh(1) = 2 4 5 6 
daugh(2) = 3 
daugh(3) = 
daugh(4) = 
daugh(5) = 
daugh(6) = 

beta(1) = 1
beta(2) = 3
beta(3) = 20
beta(4) = 11
beta(5) = 5
beta(6) = 17


OK
